lsm6dso_driver.c:109:6:pid_pwm_control	16	static
lsm6dso_driver.c:151:6:PID_Init	16	static
lsm6dso_driver.c:167:7:pid_temp_control	40	static
lsm6dso_driver.c:210:6:lsm6dso_delay_us	24	static
lsm6dso_driver.c:220:6:ConvertCoordinate	40	static
lsm6dso_driver.c:242:5:lsm6dso_publish_sensor_data	152	static
lsm6dso_driver.c:363:5:lsm6dso_publish_fake_sensor_data	16	static
lsm6dso_driver.c:377:16:platform_write	40	static
lsm6dso_driver.c:399:16:platform_read	136	static
lsm6dso_driver.c:427:5:lsm6dso_acc_init	16	static
lsm6dso_driver.c:484:5:lsm6dso_gyro_init	16	static
lsm6dso_driver.c:494:16:lsm6dso_enable	24	static
lsm6dso_driver.c:520:16:lsm6dso_disable	24	static
lsm6dso_driver.c:544:5:lsm6dso_acc_activate	24	static
lsm6dso_driver.c:556:5:lsm6dso_gyro_activate	24	static
lsm6dso_driver.c:568:5:lsm6dso_init_complete	16	static
lsm6dso_driver.c:574:5:lsm6dso_acc_config	136	static
lsm6dso_driver.c:620:5:lsm6dso_gyro_config	136	static
lsm6dso_driver.c:665:5:lsm6dso_publish_config_resp	16	static
