core_cm4.h:1939:34:__NVIC_SystemReset	4	static,ignoring_inline_asm
stm32f4xx_it.c:77:6:NMI_Handler	4	static
stm32f4xx_it.c:91:6:HardFault_Handler	8	static
stm32f4xx_it.c:106:6:MemManage_Handler	4	static
stm32f4xx_it.c:120:6:BusFault_Handler	4	static
stm32f4xx_it.c:134:6:UsageFault_Handler	4	static
stm32f4xx_it.c:148:6:DebugMon_Handler	4	static
stm32f4xx_it.c:168:6:EXTI3_IRQHandler	8	static
stm32f4xx_it.c:182:6:DMA1_Stream5_IRQHandler	8	static
stm32f4xx_it.c:196:6:DMA1_Stream6_IRQHandler	8	static
stm32f4xx_it.c:210:6:CAN1_RX0_IRQHandler	8	static
stm32f4xx_it.c:224:6:EXTI9_5_IRQHandler	8	static
stm32f4xx_it.c:238:6:TIM1_UP_TIM10_IRQHandler	8	static
stm32f4xx_it.c:252:6:TIM3_IRQHandler	8	static
stm32f4xx_it.c:266:6:USART2_IRQHandler	8	static
stm32f4xx_it.c:280:6:CAN2_RX0_IRQHandler	8	static
