chbsp_chirp_dvb.c:85:13:getHardwareID	4	static
chbsp_chirp_dvb.c:98:6:chbsp_board_init	16	static
chbsp_chirp_dvb.c:117:6:chbsp_reset_assert	8	static
chbsp_chirp_dvb.c:127:6:chbsp_reset_release	8	static
chbsp_chirp_dvb.c:137:6:chbsp_program_enable	16	static
chbsp_chirp_dvb.c:148:6:chbsp_program_disable	16	static
chbsp_chirp_dvb.c:159:6:chbsp_group_set_io_dir_out	48	static
chbsp_chirp_dvb.c:183:6:chbsp_group_set_io_dir_in	40	static
chbsp_chirp_dvb.c:201:6:chbsp_group_pin_init	56	static
chbsp_chirp_dvb.c:244:6:chbsp_group_io_clear	24	static
chbsp_chirp_dvb.c:261:6:chbsp_group_io_set	24	static
chbsp_chirp_dvb.c:278:6:chbsp_group_io_interrupt_enable	24	static
chbsp_chirp_dvb.c:288:6:chbsp_io_interrupt_enable	40	static
chbsp_chirp_dvb.c:315:6:chbsp_group_io_interrupt_disable	24	static
chbsp_chirp_dvb.c:325:6:chbsp_io_interrupt_disable	16	static
chbsp_chirp_dvb.c:340:6:chbsp_io_int_callback_set	16	static
chbsp_chirp_dvb.c:352:6:chbsp_delay_us	24	static
chbsp_chirp_dvb.c:367:6:chbsp_delay_ms	16	static
chbsp_chirp_dvb.c:376:5:chbsp_i2c_init	16	static
chbsp_chirp_dvb.c:401:5:chbsp_i2c_write	40	static
chbsp_chirp_dvb.c:418:5:chbsp_i2c_mem_write	56	static
chbsp_chirp_dvb.c:444:5:chbsp_i2c_write_nb	32	static
chbsp_chirp_dvb.c:461:5:chbsp_i2c_mem_write_nb	40	static
chbsp_chirp_dvb.c:489:5:chbsp_i2c_read	40	static
chbsp_chirp_dvb.c:519:5:chbsp_i2c_mem_read	56	static
chbsp_chirp_dvb.c:545:5:chbsp_i2c_read_nb	32	static
chbsp_chirp_dvb.c:562:5:chbsp_i2c_mem_read_nb	40	static
chbsp_chirp_dvb.c:579:6:chbsp_print_str	16	static
chbsp_chirp_dvb.c:584:6:chbsp_debug_on	16	static
chbsp_chirp_dvb.c:589:6:chbsp_debug_off	16	static
chbsp_chirp_dvb.c:594:6:chbsp_debug_toggle	16	static
chbsp_chirp_dvb.c:599:6:chbsp_i2c_reset	16	static
chbsp_chirp_dvb.c:608:9:chbsp_periodic_timer_init	16	static
chbsp_chirp_dvb.c:631:6:chbsp_periodic_timer_handler	16	static
chbsp_chirp_dvb.c:647:9:chbsp_i2c_get_info	32	static
chbsp_chirp_dvb.c:668:6:chbsp_proc_sleep	4	static
chbsp_chirp_dvb.c:673:6:chbsp_led_on	16	static
chbsp_chirp_dvb.c:682:6:chbsp_led_off	16	static
chbsp_chirp_dvb.c:750:13:periodic_timer_callback	8	static
chbsp_chirp_dvb.c:768:13:sensor_int_callback	24	static
chbsp_chirp_dvb.c:800:16:display_config_info	72	static
chbsp_chirp_dvb.c:890:16:handle_data_ready	136	static
chbsp_chirp_dvb.c:1004:16:handle_iq_data	32	static
chbsp_chirp_dvb.c:1027:5:prox_init	32	static
chbsp_chirp_dvb.c:1071:5:prox_init_complete	64	static
chbsp_chirp_dvb.c:1098:5:prox_activate	48	static
chbsp_chirp_dvb.c:1186:5:prox_publish_sensor_data	40	static
chbsp_chirp_dvb.c:1215:5:prox_config	24	static
chbsp_chirp_dvb.c:1229:5:prox_publish_config_resp	16	static
