core_cm4.h:1939:34:__NVIC_SystemReset	4	static,ignoring_inline_asm
main.c:309:5:main	8	static
main.c:485:6:SystemClock_Config	88	static
main.c:527:13:MX_CAN1_Init	8	static
main.c:592:13:MX_CAN2_Init	8	static
main.c:656:13:MX_I2C2_Init	8	static
main.c:689:13:MX_SPI1_Init	8	static
main.c:726:13:MX_TIM2_Init	96	static
main.c:795:13:MX_TIM3_Init	64	static
main.c:848:13:MX_USART2_UART_Init	8	static
main.c:879:13:MX_DMA_Init	16	static
main.c:900:13:MX_GPIO_Init	48	static
main.c:977:1:__io_putchar	16	static
main.c:984:6:Get_BoardID	16	static
main.c:992:6:HAL_CAN_RxFifo0MsgPendingCallback	64	static
main.c:1033:6:HAL_CAN_ErrorCallback	16	static
main.c:1049:6:HAL_UART_RxCpltCallback	24	static
main.c:1068:6:StartCan1BroadcastTask	64	static
main.c:1104:6:StartCan1ReceiveTask	168	static
main.c:1310:6:StartCan2BroadcastTask	64	static
main.c:1346:6:StartCan2ReceiveTask	1432	static
main.c:1440:6:StartUart2Task	144	static
main.c:1501:6:StartSensorManagerTask	288	static
main.c:1638:6:StartSensorDataProcesser	168	static
main.c:1722:6:StartInitTask	160	static
main.c:1774:6:HAL_GPIO_EXTI_Callback	104	static
main.c:1785:6:DataTimerCallback	104	static
main.c:1803:6:HAL_TIM_PeriodElapsedCallback	112	static
main.c:1827:6:Error_Handler	4	static
