rotation_vector.c:20:6:rot_v_state_init	96	static
rotation_vector.c:51:13:matrix_multiply	56	static
rotation_vector.c:72:13:matrix_multiply_trans	56	static
rotation_vector.c:93:13:ABAT	96	static
rotation_vector.c:101:13:matrix_inverse	24	static
rotation_vector.c:126:14:matrix_length	32	static
rotation_vector.c:140:13:matrix_normalize	32	static
rotation_vector.c:157:13:remap_coordinates	40	static
rotation_vector.c:172:13:imu_Acc_LowPassFilter	80	static
rotation_vector.c:197:13:imu_Velocity_HighPassFilter	80	static
rotation_vector.c:222:12:preprocess	104	static
rotation_vector.c:277:13:setting_state	88	static
rotation_vector.c:323:13:propagation	568	static
rotation_vector.c:418:13:acc_update	456	static
rotation_vector.c:510:13:posture_update	32	static
rotation_vector.c:553:12:posture	32	static
rotation_vector.c:583:13:get_rot_mat	40	static
rotation_vector.c:622:13:get_orien	16	static
rotation_vector.c:640:13:get_linear_acc	24	static
rotation_vector.c:656:13:get_velocity	112	static
rotation_vector.c:699:13:get_rms	536	static
rotation_vector.c:729:12:is_omega_stream_stable	32	static
rotation_vector.c:745:6:accLowPassFilter	80	static
rotation_vector.c:770:13:gyroLowPassFilter	80	static
rotation_vector.c:795:12:rot_v_gyro_autocal	88	static
rotation_vector.c:837:13:rot_v_fusion_acc	128	static
rotation_vector.c:877:13:rot_v_fusion_gyro	136	static
rotation_vector.c:917:5:rotv_init	16	static
rotation_vector.c:938:5:rotv_init_complete	16	static
rotation_vector.c:943:5:rotv_enable	96	static
rotation_vector.c:969:5:rotv_disable	96	static
rotation_vector.c:997:5:rotv_activate	16	static
rotation_vector.c:1007:5:rotv_publish_sensor_data	144	static
rotation_vector.c:1034:5:rotv_config	32	static
rotation_vector.c:1063:5:rotv_publish_config_resp	16	static
