ch_common.c:36:9:ch_common_set_mode	24	static
ch_common.c:83:9:ch_common_fw_load	24	static
ch_common.c:103:9:ch_common_set_sample_interval	32	static
ch_common.c:156:9:ch_common_set_num_samples	24	static
ch_common.c:181:9:ch_common_set_max_range	24	static
ch_common.c:215:10:ch_common_mm_to_samples	32	static
ch_common.c:263:10:ch_common_samples_to_mm	24	static
ch_common.c:280:9:ch_common_set_static_range	24	static
ch_common.c:301:10:ch_common_get_range	48	static
ch_common.c:351:10:ch_common_get_amplitude	24	static
ch_common.c:369:9:ch_common_get_locked_state	24	static
ch_common.c:393:6:ch_common_prepare_pulse_timer	24	static
ch_common.c:406:6:ch_common_store_pt_result	24	static
ch_common.c:421:6:ch_common_store_op_freq	40	static
ch_common.c:449:6:ch_common_store_bandwidth	16	static
ch_common.c:456:6:ch_common_store_scale_factor	24	static
ch_common.c:476:9:ch_common_set_thresholds	40	static
ch_common.c:542:9:ch_common_get_thresholds	32	static
ch_common.c:602:9:ch_common_get_iq_data	80	static
