core_cm4.h:1939:34:__NVIC_SystemReset	4	static,ignoring_inline_asm
main.c:150:6:Get_BoardID	16	static
main.c:171:5:main	8	static
main.c:292:6:SystemClock_Config	88	static
main.c:334:13:MX_CAN1_Init	8	static
main.c:399:13:MX_CAN2_Init	8	static
main.c:463:13:MX_I2C2_Init	8	static
main.c:496:13:MX_USART2_UART_Init	8	static
main.c:528:13:MX_GPIO_Init	48	static
main.c:572:1:__io_putchar	16	static
main.c:578:6:HAL_CAN_RxFifo0MsgPendingCallback	64	static
main.c:613:6:start_boot	24	static,ignoring_inline_asm
main.c:644:6:can1_ota_ack	16	static
main.c:661:6:can1_ota_start_boot	48	static
main.c:673:10:flash_get_ota_sector	4	static
main.c:678:10:flash_get_boot_mode	4	static
main.c:688:6:StartOTATask	24	static
main.c:705:6:StartCan1BroadcastTask	64	static
main.c:737:6:StartCan1ReceiveTask	144	static
main.c:931:6:StartCan2BroadcastTask	64	static
main.c:967:6:StartCan2ReceiveTask	64	static
main.c:1012:6:HAL_TIM_PeriodElapsedCallback	16	static
main.c:1027:6:Error_Handler	4	static
