stm32f4xx_it.c:73:6:NMI_Handler	4	static
stm32f4xx_it.c:87:6:HardFault_Handler	4	static
stm32f4xx_it.c:101:6:MemManage_Handler	4	static
stm32f4xx_it.c:115:6:BusFault_Handler	4	static
stm32f4xx_it.c:129:6:UsageFault_Handler	4	static
stm32f4xx_it.c:143:6:DebugMon_Handler	4	static
stm32f4xx_it.c:163:6:EXTI3_IRQHandler	8	static
stm32f4xx_it.c:177:6:CAN1_RX0_IRQHandler	8	static
stm32f4xx_it.c:191:6:EXTI9_5_IRQHandler	8	static
stm32f4xx_it.c:205:6:TIM1_UP_TIM10_IRQHandler	8	static
stm32f4xx_it.c:219:6:CAN2_RX0_IRQHandler	8	static
