ch_api.c:42:9:ch_init	48	static
ch_api.c:68:9:ch_get_config	24	static
ch_api.c:81:9:ch_set_config	24	static
ch_api.c:119:9:ch_group_start	24	static
ch_api.c:128:6:ch_trigger	16	static
ch_api.c:133:6:ch_group_trigger	16	static
ch_api.c:138:6:ch_reset	16	static
ch_api.c:148:6:ch_group_reset	16	static
ch_api.c:157:9:ch_sensor_is_connected	16	static
ch_api.c:163:10:ch_get_part_number	16	static
ch_api.c:169:9:ch_get_dev_num	16	static
ch_api.c:175:11:ch_get_dev_ptr	16	static
ch_api.c:181:9:ch_get_i2c_address	16	static
ch_api.c:187:9:ch_get_i2c_bus	16	static
ch_api.c:193:9:ch_get_num_ports	16	static
ch_api.c:199:7:ch_get_fw_version_string	16	static
ch_api.c:205:11:ch_get_mode	16	static
ch_api.c:211:9:ch_set_mode	24	static
ch_api.c:227:10:ch_get_sample_interval	24	static
ch_api.c:238:9:ch_set_sample_interval	24	static
ch_api.c:251:10:ch_get_num_samples	16	static
ch_api.c:257:9:ch_set_num_samples	24	static
ch_api.c:271:10:ch_get_max_range	16	static
ch_api.c:277:9:ch_set_max_range	24	static
ch_api.c:289:9:ch_set_sample_window	24	static
ch_api.c:302:10:ch_get_static_range	16	static
ch_api.c:308:9:ch_set_static_range	24	static
ch_api.c:320:10:ch_get_range	24	static
ch_api.c:332:10:ch_get_amplitude	24	static
ch_api.c:344:10:ch_get_amplitude_avg	24	static
ch_api.c:356:10:ch_get_bandwidth	16	static
ch_api.c:362:10:ch_get_frequency	16	static
ch_api.c:368:10:ch_get_rtc_cal_pulselength	16	static
ch_api.c:374:10:ch_get_rtc_cal_result	16	static
ch_api.c:380:10:ch_get_scale_factor	16	static
ch_api.c:386:9:ch_get_iq_data	48	static
ch_api.c:400:10:ch_samples_to_mm	24	static
ch_api.c:412:10:ch_mm_to_samples	24	static
ch_api.c:424:9:ch_set_thresholds	24	static
ch_api.c:436:9:ch_get_thresholds	24	static
ch_api.c:455:9:ch_io_start_nb	24	static
ch_api.c:473:6:ch_io_int_callback_set	16	static
ch_api.c:485:6:ch_io_complete_callback_set	16	static
ch_api.c:502:6:ch_io_notify	16	static
